[2025-12-11 15:20:17,179] 62 root - INFO - starting API APP and inference session
[2025-12-11 15:20:18,691] 322 uvicorn.error - INFO - Will watch for changes in these directories: ['C:\\Users\\Maja\\Desktop\\thesis_repos\\app-local']
[2025-12-11 15:20:18,694] 543 uvicorn.error - INFO - Uvicorn running on http://127.0.0.1:8000 (Press CTRL+C to quit)
[2025-12-11 15:20:18,696] 80 uvicorn.error - INFO - Started reloader process [25060] using WatchFiles
[2025-12-11 15:20:19,113] 308 watchfiles.main - INFO - 1 change detected
[2025-12-11 15:20:19,479] 308 watchfiles.main - INFO - 1 change detected
[2025-12-11 15:20:19,838] 308 watchfiles.main - INFO - 1 change detected
[2025-12-11 15:20:20,198] 308 watchfiles.main - INFO - 1 change detected
[2025-12-11 15:20:20,555] 308 watchfiles.main - INFO - 1 change detected
[2025-12-11 15:20:20,913] 308 watchfiles.main - INFO - 1 change detected
[2025-12-11 15:20:21,271] 308 watchfiles.main - INFO - 1 change detected
[2025-12-11 15:20:21,628] 308 watchfiles.main - INFO - 2 changes detected
[2025-12-11 15:20:21,986] 308 watchfiles.main - INFO - 2 changes detected
[2025-12-11 15:20:22,344] 308 watchfiles.main - INFO - 1 change detected
[2025-12-11 15:20:22,700] 308 watchfiles.main - INFO - 1 change detected
[2025-12-11 15:20:23,056] 308 watchfiles.main - INFO - 1 change detected
[2025-12-11 15:20:23,412] 308 watchfiles.main - INFO - 1 change detected
[2025-12-11 15:20:23,770] 308 watchfiles.main - INFO - 2 changes detected
[2025-12-11 15:20:24,178] 308 watchfiles.main - INFO - 1 change detected
[2025-12-11 15:20:24,581] 308 watchfiles.main - INFO - 1 change detected
[2025-12-11 15:20:24,998] 308 watchfiles.main - INFO - 1 change detected
[2025-12-11 15:20:25,352] 308 watchfiles.main - INFO - 1 change detected
[2025-12-11 15:20:25,711] 308 watchfiles.main - INFO - 1 change detected
[2025-12-11 15:20:26,071] 308 watchfiles.main - INFO - 1 change detected
[2025-12-11 15:20:26,427] 308 watchfiles.main - INFO - 1 change detected
[2025-12-11 15:20:26,784] 308 watchfiles.main - INFO - 1 change detected
[2025-12-11 15:20:27,142] 308 watchfiles.main - INFO - 1 change detected
[2025-12-11 15:20:27,499] 308 watchfiles.main - INFO - 1 change detected
[2025-12-11 15:20:27,859] 308 watchfiles.main - INFO - 1 change detected
[2025-12-11 15:20:28,218] 308 watchfiles.main - INFO - 1 change detected
[2025-12-11 15:20:28,576] 308 watchfiles.main - INFO - 1 change detected
[2025-12-11 15:20:28,984] 308 watchfiles.main - INFO - 1 change detected
[2025-12-11 15:20:29,391] 308 watchfiles.main - INFO - 1 change detected
[2025-12-11 15:20:29,745] 308 watchfiles.main - INFO - 1 change detected
[2025-12-11 15:20:30,102] 308 watchfiles.main - INFO - 1 change detected
[2025-12-11 15:20:30,460] 308 watchfiles.main - INFO - 1 change detected
[2025-12-11 15:20:30,868] 308 watchfiles.main - INFO - 1 change detected
[2025-12-11 15:20:31,223] 308 watchfiles.main - INFO - 1 change detected
[2025-12-11 15:20:31,580] 308 watchfiles.main - INFO - 1 change detected
[2025-12-11 15:20:31,934] 308 watchfiles.main - INFO - 1 change detected
[2025-12-11 15:20:32,344] 308 watchfiles.main - INFO - 1 change detected
[2025-12-11 15:20:32,696] 308 watchfiles.main - INFO - 1 change detected
[2025-12-11 15:20:33,054] 308 watchfiles.main - INFO - 1 change detected
[2025-12-11 15:20:33,413] 308 watchfiles.main - INFO - 1 change detected
[2025-12-11 15:20:33,771] 308 watchfiles.main - INFO - 1 change detected
[2025-12-11 15:20:34,127] 308 watchfiles.main - INFO - 1 change detected
[2025-12-11 15:20:34,482] 308 watchfiles.main - INFO - 1 change detected
[2025-12-11 15:20:34,844] 308 watchfiles.main - INFO - 1 change detected
[2025-12-11 15:20:35,200] 308 watchfiles.main - INFO - 1 change detected
[2025-12-11 15:20:35,557] 308 watchfiles.main - INFO - 1 change detected
[2025-12-11 15:20:35,914] 308 watchfiles.main - INFO - 1 change detected
[2025-12-11 15:20:36,271] 308 watchfiles.main - INFO - 1 change detected
[2025-12-11 15:20:36,629] 308 watchfiles.main - INFO - 1 change detected
[2025-12-11 15:20:36,986] 308 watchfiles.main - INFO - 1 change detected
[2025-12-11 15:20:37,343] 308 watchfiles.main - INFO - 1 change detected
[2025-12-11 15:20:37,698] 308 watchfiles.main - INFO - 1 change detected
[2025-12-11 15:20:38,054] 308 watchfiles.main - INFO - 1 change detected
[2025-12-11 15:20:38,416] 308 watchfiles.main - INFO - 1 change detected
[2025-12-11 15:20:38,774] 308 watchfiles.main - INFO - 1 change detected
[2025-12-11 15:20:39,134] 308 watchfiles.main - INFO - 1 change detected
[2025-12-11 15:20:39,488] 308 watchfiles.main - INFO - 1 change detected
[2025-12-11 15:20:39,846] 308 watchfiles.main - INFO - 1 change detected
[2025-12-11 15:20:40,202] 308 watchfiles.main - INFO - 1 change detected
[2025-12-11 15:20:40,558] 308 watchfiles.main - INFO - 1 change detected
[2025-12-11 15:20:40,915] 308 watchfiles.main - INFO - 1 change detected
[2025-12-11 15:20:41,270] 308 watchfiles.main - INFO - 1 change detected
[2025-12-11 15:20:41,632] 308 watchfiles.main - INFO - 1 change detected
[2025-12-11 15:20:41,990] 308 watchfiles.main - INFO - 1 change detected
[2025-12-11 15:20:42,348] 308 watchfiles.main - INFO - 1 change detected
[2025-12-11 15:20:42,705] 308 watchfiles.main - INFO - 1 change detected
[2025-12-11 15:20:43,065] 308 watchfiles.main - INFO - 1 change detected
[2025-12-11 15:20:43,425] 308 watchfiles.main - INFO - 1 change detected
[2025-12-11 15:20:43,781] 308 watchfiles.main - INFO - 1 change detected
[2025-12-11 15:20:44,143] 308 watchfiles.main - INFO - 1 change detected
[2025-12-11 15:20:44,548] 308 watchfiles.main - INFO - 1 change detected
[2025-12-11 15:20:44,952] 308 watchfiles.main - INFO - 1 change detected
[2025-12-11 15:20:45,356] 308 watchfiles.main - INFO - 1 change detected
[2025-12-11 15:20:45,709] 308 watchfiles.main - INFO - 1 change detected
[2025-12-11 15:20:46,068] 308 watchfiles.main - INFO - 1 change detected
[2025-12-11 15:20:46,515] 116 uvicorn.error - INFO - Stopping reloader process [25060]
